11.9765395670035
3.5068560300768
1.4090046549416
1.5542478163117
4.9158606850184
