Case 1: 3 1/100
Case 2: 2 11/39
Case 3: 2
Case 4: 25/50
